// Jest Snapshot v1, https://goo.gl/fbAQLP

exports[`MessageList To match snapshot 1`] = `
<DocumentFragment>
  <ul>
    <li
      class="undefined undefined"
    >
      <h3>
        TestUser
      </h3>
      <p
        data-testid="testmessage"
      >
        TestMessage
      </p>
    </li>
  </ul>
</DocumentFragment>
`;
